FastKalmanFilter.hpp:57:2:fast_kalman_filter_t::fast_kalman_filter_t(double, double, double, double, double, double)	64	static
FastKalmanFilter.hpp:77:9:double fast_kalman_filter_t::get_estimation(double, double)	40	static
ADCparameters.hpp:57:2:measurement_analog_value_c::measurement_analog_value_c(ADC_HandleTypeDef*, uint32_t, uint16_t)	24	static
ADCparameters.hpp:82:7:void measurement_analog_value_c::read_analog_value()	40	static
ADCparameters.hpp:102:7:void measurement_analog_value_c::get_offset()	24	static
ADCparameters.hpp:118:7:void measurement_analog_value_c::get_wind_speed()	24	static
phiMainStart.cpp:30:5:int main()	32	static
phiMainStart.cpp:85:6:void SystemClock_Config()	216	static
phiMainStart.cpp:135:13:void MX_ADC1_Init()	24	static
phiMainStart.cpp:182:13:void MX_USART3_UART_Init()	8	static
phiMainStart.cpp:213:13:void MX_DMA_Init()	16	static
phiMainStart.cpp:230:13:void MX_GPIO_Init()	56	static
phiMainStart.cpp:284:6:void Error_Handler()	4	static,ignoring_inline_asm
phiMainStart.cpp:291:1:void __static_initialization_and_destruction_0(int, int)	16	static
phiMainStart.cpp:291:1:cpp)	8	static
